Source Program:
var f, n;
procedure fact;
var ans1;
begin
end;
begin
call ;
write f
end.

Error number 4, const, var, procedure must be followed by identifier